App.tsx(282,57): error TS2339: Property 'env' does not exist on type 'ImportMeta'.
App.tsx(328,57): error TS2339: Property 'env' does not exist on type 'ImportMeta'.
App.tsx(754,58): error TS2322: Type '{ onLogin: (role: UserRole, clubId?: number, userId?: number) => void; onRegister: (newUser: CreatedUser) => { success: boolean; message: string; }; createdUsers: CreatedUser[]; }' is not assignable to type 'IntrinsicAttributes'.
  Property 'onLogin' does not exist on type 'IntrinsicAttributes'.
App.tsx(791,23): error TS2322: Type '{ club: Club; players: Player[]; onAddPlayer: (newPlayer: Omit<Player, "id">) => void; onEditPlayer: (updatedPlayer: Player) => void; onDeletePlayer: (playerId: number) => void; ... 6 more ...; onRejectPlayerRegistration: (registrationId: number, reason: string) => Promise<...>; }' is not assignable to type 'IntrinsicAttributes & ClubManagerDashboardProps'.
  Property 'onApprovePlayerRegistration' does not exist on type 'IntrinsicAttributes & ClubManagerDashboardProps'. Did you mean 'playerRegistrations'?
components/ClubCard.tsx(27,32): error TS2551: Property 'websiteUrl' does not exist on type 'Club'. Did you mean 'website'?
components/ClubList.tsx(66,46): error TS2339: Property 'env' does not exist on type 'ImportMeta'.
components/ClubRegistrationForm.tsx(35,32): error TS2339: Property 'env' does not exist on type 'ImportMeta'.
components/ClubRegistrationForm.tsx(94,103): error TS2367: This comparison appears to be unintentional because the types 'number' and 'string' have no overlap.
components/LeaderCard.tsx(11,34): error TS2339: Property 'topPlayer' does not exist on type 'LeaderStat'.
components/LeaderCard.tsx(24,114): error TS2339: Property 'topPlayer' does not exist on type 'LeaderStat'.
components/LeaderCard.tsx(28,98): error TS2339: Property 'topPlayer' does not exist on type 'LeaderStat'.
components/LeaderCard.tsx(30,52): error TS2339: Property 'topPlayer' does not exist on type 'LeaderStat'.
components/LeaderCard.tsx(30,86): error TS2339: Property 'topPlayer' does not exist on type 'LeaderStat'.
components/LeaderCard.tsx(31,71): error TS2339: Property 'topPlayer' does not exist on type 'LeaderStat'.
components/LeaderCard.tsx(47,79): error TS2339: Property 'topPlayer' does not exist on type 'LeaderStat'.
components/LeaderCard.tsx(52,81): error TS2339: Property 'topPlayer' does not exist on type 'LeaderStat'.
components/LeaderCard.tsx(53,84): error TS2339: Property 'topPlayer' does not exist on type 'LeaderStat'.
components/LeaderCard.tsx(56,109): error TS2339: Property 'topPlayer' does not exist on type 'LeaderStat'.
components/LeaderCard.tsx(57,56): error TS2339: Property 'topPlayer' does not exist on type 'LeaderStat'.
components/LeaderCard.tsx(68,45): error TS2339: Property 'name' does not exist on type '{ playerId: number; playerName: string; value: number; club: string; clubLogo: string; }'.
components/LeaderCard.tsx(68,59): error TS2339: Property 'rank' does not exist on type '{ playerId: number; playerName: string; value: number; club: string; clubLogo: string; }'.
components/LeaderCard.tsx(70,114): error TS2339: Property 'rank' does not exist on type '{ playerId: number; playerName: string; value: number; club: string; clubLogo: string; }'.
components/LeaderCard.tsx(72,101): error TS2339: Property 'name' does not exist on type '{ playerId: number; playerName: string; value: number; club: string; clubLogo: string; }'.
components/NewsFeed.tsx(3,10): error TS2305: Module '"../types"' has no exported member 'NewsArticle'.
constants.ts(1,25): error TS2305: Module '"./types"' has no exported member 'NewsArticle'.
constants.ts(1,50): error TS2305: Module '"./types"' has no exported member 'Product'.
constants.ts(8,39): error TS2353: Object literal may only specify known properties, and 'group' does not exist in type 'Club'.
constants.ts(9,31): error TS2353: Object literal may only specify known properties, and 'group' does not exist in type 'Club'.
constants.ts(10,33): error TS2353: Object literal may only specify known properties, and 'group' does not exist in type 'Club'.
constants.ts(11,41): error TS2353: Object literal may only specify known properties, and 'group' does not exist in type 'Club'.
constants.ts(12,31): error TS2353: Object literal may only specify known properties, and 'group' does not exist in type 'Club'.
constants.ts(19,3): error TS2739: Type '{ id: number; name: string; email: string; phone: string; dob: string; position: "Forward"; nationality: string; flag: string; club: string; clubLogo: string; previousClub: string; leaguesPlayed: string[]; imageUrl: string; bio: string; stats: { ...; }; }' is missing the following properties from type 'Player': identityCardUrl, isVerified, addedBy
constants.ts(20,3): error TS2739: Type '{ id: number; name: string; email: string; phone: string; dob: string; position: "Midfielder"; nationality: string; flag: string; club: string; clubLogo: string; previousClub: string; leaguesPlayed: string[]; imageUrl: string; bio: string; stats: { ...; }; }' is missing the following properties from type 'Player': identityCardUrl, isVerified, addedBy
constants.ts(21,3): error TS2739: Type '{ id: number; name: string; email: string; phone: string; dob: string; position: "Forward"; nationality: string; flag: string; club: string; clubLogo: string; previousClub: string; leaguesPlayed: undefined[]; imageUrl: string; bio: string; stats: { ...; }; }' is missing the following properties from type 'Player': identityCardUrl, isVerified, addedBy
constants.ts(22,3): error TS2739: Type '{ id: number; name: string; email: string; phone: string; dob: string; position: "Midfielder"; nationality: string; flag: string; club: string; clubLogo: string; previousClub: string; leaguesPlayed: string[]; imageUrl: string; bio: string; stats: { ...; }; }' is missing the following properties from type 'Player': identityCardUrl, isVerified, addedBy
constants.ts(23,3): error TS2739: Type '{ id: number; name: string; email: string; phone: string; dob: string; position: "Goalkeeper"; nationality: string; flag: string; club: string; clubLogo: string; previousClub: string; leaguesPlayed: string[]; imageUrl: string; bio: string; stats: { ...; }; }' is missing the following properties from type 'Player': identityCardUrl, isVerified, addedBy
constants.ts(24,3): error TS2739: Type '{ id: number; name: string; email: string; phone: string; dob: string; position: "Defender"; nationality: string; flag: string; club: string; clubLogo: string; previousClub: string; leaguesPlayed: string[]; imageUrl: string; bio: string; stats: { ...; }; }' is missing the following properties from type 'Player': identityCardUrl, isVerified, addedBy
constants.ts(25,3): error TS2739: Type '{ id: number; name: string; email: string; phone: string; dob: string; position: "Forward"; nationality: string; flag: string; club: string; clubLogo: string; previousClub: string; leaguesPlayed: string[]; imageUrl: string; bio: string; stats: { ...; }; }' is missing the following properties from type 'Player': identityCardUrl, isVerified, addedBy
constants.ts(26,3): error TS2739: Type '{ id: number; name: string; email: string; phone: string; dob: string; position: "Forward"; nationality: string; flag: string; club: string; clubLogo: string; previousClub: string; leaguesPlayed: string[]; imageUrl: string; bio: string; stats: { ...; }; }' is missing the following properties from type 'Player': identityCardUrl, isVerified, addedBy
constants.ts(27,3): error TS2739: Type '{ id: number; name: string; email: string; phone: string; dob: string; position: "Midfielder"; nationality: string; flag: string; club: string; clubLogo: string; previousClub: string; leaguesPlayed: undefined[]; imageUrl: string; bio: string; stats: { ...; }; }' is missing the following properties from type 'Player': identityCardUrl, isVerified, addedBy
constants.ts(28,3): error TS2739: Type '{ id: number; name: string; email: string; phone: string; dob: string; position: "Midfielder"; nationality: string; flag: string; club: string; clubLogo: string; previousClub: string; leaguesPlayed: undefined[]; imageUrl: string; bio: string; stats: { ...; }; }' is missing the following properties from type 'Player': identityCardUrl, isVerified, addedBy
contexts/QueryProvider.tsx(12,7): error TS2353: Object literal may only specify known properties, and 'cacheTime' does not exist in type 'OmitKeyof<QueryObserverOptions<unknown, Error, unknown, unknown, readonly unknown[], never>, "suspense" | "queryKey", "strictly">'.
contexts/QueryProvider.tsx(28,20): error TS2339: Property 'env' does not exist on type 'ImportMeta'.
hooks/useApi.ts(18,5): error TS2554: Expected 1-2 arguments, but got 3.
hooks/useApi.ts(40,5): error TS2554: Expected 1-2 arguments, but got 3.
hooks/useApi.ts(55,5): error TS2554: Expected 1-2 arguments, but got 3.
hooks/useApi.ts(71,5): error TS2554: Expected 1-2 arguments, but got 3.
hooks/useApi.ts(87,5): error TS2559: Type '(updateData: any) => Promise<ApiUser>' has no properties in common with type 'UseMutationOptions<ApiUser, Error, UpdateProfileData, unknown>'.
hooks/useApi.ts(91,34): error TS2345: Argument of type 'string' is not assignable to parameter of type 'readonly unknown[]'.
hooks/useApi.ts(95,11): error TS2559: Type '"allUsers"[]' has no properties in common with type 'QueryFilters<any>'.
hooks/useApi.ts(128,5): error TS2559: Type '({ userId, role, club }: { userId: any; role: any; club: any; }) => Promise<ApiUser>' has no properties in common with type 'UseMutationOptions<ApiUser, Error, { userId: string; role: string; club?: string; }, unknown>'.
hooks/useApi.ts(133,11): error TS2559: Type '"allUsers"[]' has no properties in common with type 'QueryFilters<any>'.
hooks/useApi.ts(168,5): error TS2559: Type '(userId: any) => Promise<void>' has no properties in common with type 'UseMutationOptions<void, Error, string, unknown>'.
hooks/useApi.ts(173,11): error TS2559: Type '"allUsers"[]' has no properties in common with type 'QueryFilters<any>'.
hooks/useApi.ts(186,35): error TS2559: Type 'any[]' has no properties in common with type 'QueryFilters<readonly unknown[]>'.
hooks/useApi.ts(204,37): error TS2559: Type '"userProfile"' has no properties in common with type 'InvalidateQueryFilters<readonly unknown[]>'.
hooks/useApi.ts(207,37): error TS2559: Type '"allUsers"' has no properties in common with type 'InvalidateQueryFilters<readonly unknown[]>'.
hooks/useApi.ts(210,37): error TS2559: Type 'string[]' has no properties in common with type 'InvalidateQueryFilters<readonly unknown[]>'.
pages/AdminDashboard.tsx(437,36): error TS2339: Property 'env' does not exist on type 'ImportMeta'.
pages/AdminDashboard.tsx(525,41): error TS2339: Property 'env' does not exist on type 'ImportMeta'.
pages/AdminDashboard.tsx(833,29): error TS2345: Argument of type '{ title: any; imageUrl: any; icon: any; }' is not assignable to parameter of type 'SetStateAction<{ title: string; imageUrl: string; icon: string; content: string; }>'.
  Property 'content' is missing in type '{ title: any; imageUrl: any; icon: any; }' but required in type '{ title: string; imageUrl: string; icon: string; content: string; }'.
pages/AdminDashboard.tsx(886,33): error TS2345: Argument of type '{ title: string; imageUrl: string; icon: string; }' is not assignable to parameter of type 'SetStateAction<{ title: string; imageUrl: string; icon: string; content: string; }>'.
  Property 'content' is missing in type '{ title: string; imageUrl: string; icon: string; }' but required in type '{ title: string; imageUrl: string; icon: string; content: string; }'.
pages/AdminDashboard.tsx(900,29): error TS2345: Argument of type '{ title: string; imageUrl: string; icon: string; }' is not assignable to parameter of type 'SetStateAction<{ title: string; imageUrl: string; icon: string; content: string; }>'.
  Property 'content' is missing in type '{ title: string; imageUrl: string; icon: string; }' but required in type '{ title: string; imageUrl: string; icon: string; content: string; }'.
pages/AdminDashboard.tsx(2051,50): error TS2367: This comparison appears to be unintentional because the types '"live"' and '"finished"' have no overlap.
pages/ClubManagerDashboard.tsx(128,37): error TS2339: Property 'env' does not exist on type 'ImportMeta'.
pages/ClubManagerDashboard.tsx(476,40): error TS2339: Property 'env' does not exist on type 'ImportMeta'.
pages/ClubManagerDashboard.tsx(504,40): error TS2339: Property 'env' does not exist on type 'ImportMeta'.
pages/ClubManagerDashboard.tsx(535,40): error TS2339: Property 'env' does not exist on type 'ImportMeta'.
pages/ClubManagerDashboard.tsx(566,40): error TS2339: Property 'env' does not exist on type 'ImportMeta'.
pages/ClubManagerDashboard.tsx(587,41): error TS2339: Property 'env' does not exist on type 'ImportMeta'.
pages/ClubManagerDashboard.tsx(1106,78): error TS2339: Property 'env' does not exist on type 'ImportMeta'.
pages/ClubManagerDashboard.tsx(1664,36): error TS2339: Property 'env' does not exist on type 'ImportMeta'.
pages/HomePage.tsx(599,38): error TS2339: Property 'logo' does not exist on type '{ _id: string; name: string; logo?: string; } | { name: string; }'.
  Property 'logo' does not exist on type '{ name: string; }'.
pages/HomePage.tsx(600,48): error TS2339: Property 'logo' does not exist on type '{ _id: string; name: string; logo?: string; } | { name: string; }'.
  Property 'logo' does not exist on type '{ name: string; }'.
pages/HomePage.tsx(607,38): error TS2339: Property 'logo' does not exist on type '{ _id: string; name: string; logo?: string; } | { name: string; }'.
  Property 'logo' does not exist on type '{ name: string; }'.
pages/HomePage.tsx(608,48): error TS2339: Property 'logo' does not exist on type '{ _id: string; name: string; logo?: string; } | { name: string; }'.
  Property 'logo' does not exist on type '{ name: string; }'.
pages/HomePage.tsx(670,90): error TS2339: Property 'category' does not exist on type '{ _id: string; title: string; imageUrl: string; summary: string; content: string; createdAt: string; }'.
pages/PlayerDetailPage.tsx(127,37): error TS2339: Property 'name' does not exist on type '{ playerId: number; playerName: string; value: number; club: string; clubLogo: string; }'.
pages/PlayerDetailPage.tsx(131,91): error TS2339: Property 'name' does not exist on type '{ playerId: number; playerName: string; value: number; club: string; clubLogo: string; }'.
pages/PlayersPage.tsx(41,52): error TS2339: Property 'env' does not exist on type 'ImportMeta'.
pages/StorePage.tsx(3,10): error TS2305: Module '"../types"' has no exported member 'Product'.
services/authService.ts(442,61): error TS2345: Argument of type '{ name?: string; email?: string; role?: "admin" | "clubManager" | "coach" | "registeredUser" | "user" | "manager"; club?: string; profile?: any; }' is not assignable to parameter of type 'UpdateProfileData'.
  Types of property 'role' are incompatible.
    Type '"admin" | "clubManager" | "coach" | "registeredUser" | "user" | "manager"' is not assignable to type '"admin" | "clubManager" | "coach" | "registeredUser"'.
      Type '"user"' is not assignable to type '"admin" | "clubManager" | "coach" | "registeredUser"'.
services/coachService.ts(4,34): error TS2339: Property 'env' does not exist on type 'ImportMeta'.
utils/emailService.ts(58,33): error TS2339: Property 'env' does not exist on type 'ImportMeta'.
utils/emailService.ts(101,33): error TS2339: Property 'env' does not exist on type 'ImportMeta'.
utils/emailService.ts(147,33): error TS2339: Property 'env' does not exist on type 'ImportMeta'.
