Γ¥î Brevo rejected the email
Error: Unauthorized
Response: {
  "message": "API Key is not enabled",
  "code": "unauthorized"
}

≡ƒÆí TROUBLESHOOTING TIP:
1. Verify BREVO_API_KEY in .env starts with "xkeysib-"
2. Ensure "Transactional emails" are enabled in your Brevo account dashboard.
3. Verify that the sender email (justinsony2002@gmail.com) is verified in Brevo Senders & IP settings.
